I'm sorry, but errors were detected in your script. Please correct the
errors listed below, and try again.


File "game/script/script.rpy", line 52: expected menuitem
    f n "I decide to go to......"
    ^

Ren'Py Version: Ren'Py 7.4.4.1439
Fri Jul  2 14:07:04 2021
